Microchip MPLAB XC8 Compiler V2.41

Linker command line:

-W-3 \
  --edf=C:\Program Files\Microchip\xc8\v2.41\pic\dat\20230208172133_en.msgs \
  -cn -h+dist/default/production\lcd_tut.X.production.sym \
  --cmf=dist/default/production\lcd_tut.X.production.cmf -z -Q16F18877 \
  -oC:\Users\BLUEPH~1\AppData\Local\Temp\xcAs90.\driver_tmp_3.o \
  --defsym=__MPLAB_BUILD=1 --fixupoverflow=error \
  -Mdist/default/production/lcd_tut.X.production.map \
  --md=C:\Users\BLUEPH~1\AppData\Local\Temp\xcAs90.\driver_tmp_0.dat -E1 \
  -ver=XC8 Compiler --acfsm=1493 -ACODE=00h-07FFhx16 -ASTRCODE=00h-07FFFh \
  -ASTRING=00h-0FFhx128 -ACONST=00h-0FFhx128 -AENTRY=00h-0FFhx128 \
  -ACOMMON=070h-07Fh -ABANK0=020h-06Fh -ABANK1=0A0h-0EFh \
  -ABANK2=0120h-016Fh -ABANK3=01A0h-01EFh -ABANK4=0220h-026Fh \
  -ABANK5=02A0h-02EFh -ABANK6=0320h-036Fh -ABANK7=03A0h-03EFh \
  -ABANK8=0420h-046Fh -ABANK9=04A0h-04EFh -ABANK10=0520h-056Fh \
  -ABANK11=05A0h-05EFh -ABANK12=0620h-066Fh -ABANK13=06A0h-06EFh \
  -ABANK14=0720h-076Fh -ABANK15=07A0h-07EFh -ABANK16=0820h-086Fh \
  -ABANK17=08A0h-08EFh -ABANK18=0920h-096Fh -ABANK19=09A0h-09EFh \
  -ABANK20=0A20h-0A6Fh -ABANK21=0AA0h-0AEFh -ABANK22=0B20h-0B6Fh \
  -ABANK23=0BA0h-0BEFh -ABANK24=0C20h-0C6Fh -ABANK25=0CA0h-0CEFh \
  -ABANK26=0D20h-0D6Fh -ABANK27=0DA0h-0DEFh -ABANK28=0E20h-0E6Fh \
  -ABANK29=0EA0h-0EEFh -ABANK30=0F20h-0F6Fh -ABANK31=0FA0h-0FEFh \
  -ABANK32=01020h-0106Fh -ABANK33=010A0h-010EFh -ABANK34=01120h-0116Fh \
  -ABANK35=011A0h-011EFh -ABANK36=01220h-0126Fh -ABANK37=012A0h-012EFh \
  -ABANK38=01320h-0136Fh -ABANK39=013A0h-013EFh -ABANK40=01420h-0146Fh \
  -ABANK41=014A0h-014EFh -ABANK42=01520h-0156Fh -ABANK43=015A0h-015EFh \
  -ABANK44=01620h-0166Fh -ABANK45=016A0h-016EFh -ABANK46=01720h-0176Fh \
  -ABANK47=017A0h-017EFh -ABANK48=01820h-0186Fh -ABANK49=018A0h-018EFh \
  -ABANK50=01920h-0196Fh -ABIGRAM=02000h-02FEFh \
  -ARAM=020h-06Fh,0A0h-0EFh,0120h-016Fh,01A0h-01EFh,0220h-026Fh,02A0h-02EFh,0320h-036Fh,03A0h-03EFh,0420h-046Fh,04A0h-04EFh,0520h-056Fh,05A0h-05EFh,0620h-066Fh,06A0h-06EFh,0720h-076Fh,07A0h-07EFh,0820h-086Fh,08A0h-08EFh,0920h-096Fh,09A0h-09EFh,0A20h-0A6Fh,0AA0h-0AEFh,0B20h-0B6Fh,0BA0h-0BEFh,0C20h-0C6Fh,0CA0h-0CEFh,0D20h-0D6Fh,0DA0h-0DEFh,0E20h-0E6Fh,0EA0h-0EEFh,0F20h-0F6Fh,0FA0h-0FEFh,01020h-0106Fh,010A0h-010EFh,01120h-0116Fh,011A0h-011EFh,01220h-0126Fh,012A0h-012EFh,01320h-0136Fh,013A0h-013EFh,01420h-0146Fh,014A0h-014EFh,01520h-0156Fh,015A0h-015EFh,01620h-0166Fh,016A0h-016EFh,01720h-0176Fh,017A0h-017EFh,01820h-0186Fh,018A0h-018EFh,01920h-0196Fh \
  -AABS1=020h-07Fh,0A0h-0EFh,0120h-016Fh,01A0h-01EFh,0220h-026Fh,02A0h-02EFh,0320h-036Fh,03A0h-03EFh,0420h-046Fh,04A0h-04EFh,0520h-056Fh,05A0h-05EFh,0620h-066Fh,06A0h-06EFh,0720h-076Fh,07A0h-07EFh,0820h-086Fh,08A0h-08EFh,0920h-096Fh,09A0h-09EFh,0A20h-0A6Fh,0AA0h-0AEFh,0B20h-0B6Fh,0BA0h-0BEFh,0C20h-0C6Fh,0CA0h-0CEFh,0D20h-0D6Fh,0DA0h-0DEFh,0E20h-0E6Fh,0EA0h-0EEFh,0F20h-0F6Fh,0FA0h-0FEFh,01020h-0106Fh,010A0h-010EFh,01120h-0116Fh,011A0h-011EFh,01220h-0126Fh,012A0h-012EFh,01320h-0136Fh,013A0h-013EFh,01420h-0146Fh,014A0h-014EFh,01520h-0156Fh,015A0h-015EFh,01620h-0166Fh,016A0h-016EFh,01720h-0176Fh,017A0h-017EFh,01820h-0186Fh,018A0h-018EFh,01920h-0196Fh \
  -ASFR0=00h-01Fh -ASFR1=080h-09Fh -ASFR2=0100h-011Fh -ASFR3=0180h-019Fh \
  -ASFR4=0200h-021Fh -ASFR5=0280h-029Fh -ASFR6=0300h-031Fh \
  -ASFR7=0380h-039Fh -ASFR8=0400h-041Fh -ASFR9=0480h-049Fh \
  -ASFR10=0500h-051Fh -ASFR11=0580h-059Fh -ASFR12=0600h-061Fh \
  -ASFR13=0680h-069Fh -ASFR14=0700h-071Fh -ASFR15=0780h-079Fh \
  -ASFR16=0800h-081Fh -ASFR17=0880h-089Fh -ASFR18=0900h-091Fh \
  -ASFR19=0980h-099Fh -ASFR20=0A00h-0A1Fh -ASFR21=0A80h-0A9Fh \
  -ASFR22=0B00h-0B1Fh -ASFR23=0B80h-0B9Fh -ASFR24=0C00h-0C1Fh \
  -ASFR25=0C80h-0C9Fh -ASFR26=0D00h-0D1Fh -ASFR27=0D80h-0D9Fh \
  -ASFR28=0E00h-0E1Fh -ASFR29=0E80h-0E9Fh -ASFR30=0F00h-0F1Fh \
  -ASFR31=0F80h-0F9Fh -ASFR32=01000h-0101Fh -ASFR33=01080h-0109Fh \
  -ASFR34=01100h-0111Fh -ASFR35=01180h-0119Fh -ASFR36=01200h-0121Fh \
  -ASFR37=01280h-0129Fh -ASFR38=01300h-0131Fh -ASFR39=01380h-0139Fh \
  -ASFR40=01400h-0141Fh -ASFR41=01480h-0149Fh -ASFR42=01500h-0151Fh \
  -ASFR43=01580h-0159Fh -ASFR44=01600h-0161Fh -ASFR45=01680h-0169Fh \
  -ASFR46=01700h-0171Fh -ASFR47=01780h-0179Fh -ASFR48=01800h-0181Fh \
  -ASFR49=01880h-0189Fh -ASFR50=01900h-0191Fh -ASFR51=01980h-019EFh \
  -ASFR52=01A00h-01A6Fh -ASFR53=01A80h-01AEFh -ASFR54=01B00h-01B6Fh \
  -ASFR55=01B80h-01BEFh -ASFR56=01C00h-01C6Fh -ASFR57=01C80h-01CEFh \
  -ASFR58=01D00h-01D6Fh -ASFR59=01D80h-01DEFh -ASFR60=01E00h-01E6Fh \
  -ASFR61=01E80h-01EEFh -ASFR62=01F00h-01F6Fh -ASFR63=01F80h-01FEFh \
  -ACONFIG=08007h-0800Bh -DCONFIG=2 -AIDLOC=08000h-08003h -DIDLOC=2 \
  -AEEDATA=00h-0FFh/0F000h -peeprom_data=EEDATA -DEEDATA=2 -DCODE=2 \
  -DSTRCODE=2 -DSTRING=2 -DCONST=2 -DENTRY=2 \
  -preset_vec=00h,intentry,init,end_init -ppowerup=CODE -pcinit=CODE \
  -pfunctab=ENTRY -k \
  C:\Users\BLUEPH~1\AppData\Local\Temp\xcAs90.\driver_tmp_20.o \
  dist/default/production\lcd_tut.X.production.o 

Object code version is 3.11

Machine type is 16F18877



                Name                               Link     Load   Length Selector   Space Scale
C:\Users\BLUEPH~1\AppData\Local\Temp\xcAs90.\driver_tmp_20.o
                end_init                              2        2        2        0       0
                reset_vec                             0        0        2        0       0
                config                             8007     8007        5        0       4
dist/default/production\lcd_tut.X.production.o
                cinit                               7E4      7E4       1C      FC8       0
                config                             8007     8007        5        0       4
                text21                              38E      38E       12      71C       0
                text20                              3A0      3A0       14      740       0
                text19                              47D      47D       2F      8FA       0
                text18                              35D      35D        A      6BA       0
                text17                              372      372        C      6E4       0
                text16                              41B      41B       1E      836       0
                text15                              367      367        B      6CE       0
                text14                              3B4      3B4       16      768       0
                text13                              3CA      3CA       18      794       0
                text12                              439      439       1F      872       0
                text11                              5B1      5B1       60      B62       0
                text10                              4E0      4E0       3C      9C0       0
                text9                               4AC      4AC       34      958       0
                text8                               350      350        1      6A0       0
                text7                               561      561       50      AC2       0
                text6                               458      458       25      8B0       0
                text5                               51C      51C       45      A38       0
                text4                               611      611       72      C22       0
                text3                               71E      71E       C6      E3C       0
                text2                               3E2      3E2       1C      7C4       0
                text1                               3FE      3FE       1D      7FC       0
                maintext                            683      683       9B      D06       0
                cstackBANK0                          20       20       3C       20       1
                cstackCOMMON                         70       70        E       70       1
                cstackBANK1                          A0       A0       24       A0       1
                clrtext                             351      351        6      6A2       0
                inittext                            357      357        6      6AE       0
                bssBANK2                            120      120       20      120       1
                dataBANK1                            C4       C4       10       A0       1
                bssBANK0                             5C       5C        5       20       1
                stringtext2                         813      813        F     1000       0
                stringtext1                         800      800       13     1000       0
                idataBANK1                          37E      37E       10      6FC       0

TOTAL           Name                               Link     Load   Length     Space
        CLASS   CODE           
                end_init                              2        2        2         0
                cinit                               7E4      7E4       1C         0
                reset_vec                             0        0        2         0
                text21                              38E      38E       12         0
                text20                              3A0      3A0       14         0
                text19                              47D      47D       2F         0
                text18                              35D      35D        A         0
                text17                              372      372        C         0
                text16                              41B      41B       1E         0
                text15                              367      367        B         0
                text14                              3B4      3B4       16         0
                text13                              3CA      3CA       18         0
                text12                              439      439       1F         0
                text11                              5B1      5B1       60         0
                text10                              4E0      4E0       3C         0
                text9                               4AC      4AC       34         0
                text8                               350      350        1         0
                text7                               561      561       50         0
                text6                               458      458       25         0
                text5                               51C      51C       45         0
                text4                               611      611       72         0
                text3                               71E      71E       C6         0
                text2                               3E2      3E2       1C         0
                text1                               3FE      3FE       1D         0
                maintext                            683      683       9B         0
                clrtext                             351      351        6         0
                inittext                            357      357        6         0
                idataBANK1                          37E      37E       10         0

        CLASS   STRCODE        
                stringtext2                         813      813        F         0
                stringtext1                         800      800       13         0

        CLASS   STRING         

        CLASS   CONST          

        CLASS   ENTRY          

        CLASS   COMMON         
                cstackCOMMON                         70       70        E         1

        CLASS   BANK0          
                cstackBANK0                          20       20       3C         1
                bssBANK0                             5C       5C        5         1

        CLASS   BANK1          
                cstackBANK1                          A0       A0       24         1
                dataBANK1                            C4       C4       10         1

        CLASS   BANK2          
                bssBANK2                            120      120       20         1

        CLASS   BANK3          

        CLASS   BANK4          

        CLASS   BANK5          

        CLASS   BANK6          

        CLASS   BANK7          

        CLASS   BANK8          

        CLASS   BANK9          

        CLASS   BANK10         

        CLASS   BANK11         

        CLASS   BANK12         

        CLASS   BANK13         

        CLASS   BANK14         

        CLASS   BANK15         

        CLASS   BANK16         

        CLASS   BANK17         

        CLASS   BANK18         

        CLASS   BANK19         

        CLASS   BANK20         

        CLASS   BANK21         

        CLASS   BANK22         

        CLASS   BANK23         

        CLASS   BANK24         

        CLASS   BANK25         

        CLASS   BANK26         

        CLASS   BANK27         

        CLASS   BANK28         

        CLASS   BANK29         

        CLASS   BANK30         

        CLASS   BANK31         

        CLASS   BANK32         

        CLASS   BANK33         

        CLASS   BANK34         

        CLASS   BANK35         

        CLASS   BANK36         

        CLASS   BANK37         

        CLASS   BANK38         

        CLASS   BANK39         

        CLASS   BANK40         

        CLASS   BANK41         

        CLASS   BANK42         

        CLASS   BANK43         

        CLASS   BANK44         

        CLASS   BANK45         

        CLASS   BANK46         

        CLASS   BANK47         

        CLASS   BANK48         

        CLASS   BANK49         

        CLASS   BANK50         

        CLASS   BIGRAM         

        CLASS   RAM            

        CLASS   ABS1           
                abs_s1                               7E       7E        2         1

        CLASS   SFR0           

        CLASS   SFR1           

        CLASS   SFR2           

        CLASS   SFR3           

        CLASS   SFR4           

        CLASS   SFR5           

        CLASS   SFR6           

        CLASS   SFR7           

        CLASS   SFR8           

        CLASS   SFR9           

        CLASS   SFR10          

        CLASS   SFR11          

        CLASS   SFR12          

        CLASS   SFR13          

        CLASS   SFR14          

        CLASS   SFR15          

        CLASS   SFR16          

        CLASS   SFR17          

        CLASS   SFR18          

        CLASS   SFR19          

        CLASS   SFR20          

        CLASS   SFR21          

        CLASS   SFR22          

        CLASS   SFR23          

        CLASS   SFR24          

        CLASS   SFR25          

        CLASS   SFR26          

        CLASS   SFR27          

        CLASS   SFR28          

        CLASS   SFR29          

        CLASS   SFR30          

        CLASS   SFR31          

        CLASS   SFR32          

        CLASS   SFR33          

        CLASS   SFR34          

        CLASS   SFR35          

        CLASS   SFR36          

        CLASS   SFR37          

        CLASS   SFR38          

        CLASS   SFR39          

        CLASS   SFR40          

        CLASS   SFR41          

        CLASS   SFR42          

        CLASS   SFR43          

        CLASS   SFR44          

        CLASS   SFR45          

        CLASS   SFR46          

        CLASS   SFR47          

        CLASS   SFR48          

        CLASS   SFR49          

        CLASS   SFR50          

        CLASS   SFR51          

        CLASS   SFR52          

        CLASS   SFR53          

        CLASS   SFR54          

        CLASS   SFR55          

        CLASS   SFR56          

        CLASS   SFR57          

        CLASS   SFR58          

        CLASS   SFR59          

        CLASS   SFR60          

        CLASS   SFR61          

        CLASS   SFR62          

        CLASS   SFR63          

        CLASS   CONFIG         
                config                             8007     8007        5         4

        CLASS   IDLOC          

        CLASS   EEDATA         

        CLASS   BANK63         

        CLASS   BANK62         

        CLASS   BANK61         

        CLASS   BANK60         

        CLASS   BANK59         

        CLASS   BANK58         

        CLASS   BANK57         

        CLASS   BANK56         

        CLASS   BANK55         

        CLASS   BANK54         

        CLASS   BANK53         

        CLASS   BANK52         

        CLASS   BANK51         

        CLASS   HEAP           

        CLASS   STACK          



SEGMENTS        Name                           Load    Length   Top    Selector   Space  Class     Delta

                reset_vec                      000000  000004  000004         0       0  CODE        2
                cstackBANK0                    000020  000041  000061        20       1  BANK0       1
                cstackCOMMON                   000070  00000E  00007E        70       1  COMMON      1
                cstackBANK1                    0000A0  000034  0000D4        A0       1  BANK1       1
                bssBANK2                       000120  000020  000140       120       1  BANK2       1
                text8                          000350  000001  000351       6A0       0  CODE        2
                clrtext                        000351  000006  000357       6A2       0  CODE        2
                inittext                       000357  000006  00035D       6AE       0  CODE        2
                text18                         00035D  00000A  000367       6BA       0  CODE        2
                text15                         000367  00000B  000372       6CE       0  CODE        2
                text17                         000372  00000C  00037E       6E4       0  CODE        2
                idataBANK1                     00037E  000010  00038E       6FC       0  CODE        2
                text21                         00038E  000012  0003A0       71C       0  CODE        2
                text20                         0003A0  000014  0003B4       740       0  CODE        2
                text14                         0003B4  000016  0003CA       768       0  CODE        2
                text13                         0003CA  000018  0003E2       794       0  CODE        2
                text2                          0003E2  00001C  0003FE       7C4       0  CODE        2
                text1                          0003FE  00001D  00041B       7FC       0  CODE        2
                text16                         00041B  00001E  000439       836       0  CODE        2
                text12                         000439  00001F  000458       872       0  CODE        2
                text6                          000458  000025  00047D       8B0       0  CODE        2
                text19                         00047D  00002F  0004AC       8FA       0  CODE        2
                text9                          0004AC  000034  0004E0       958       0  CODE        2
                text10                         0004E0  00003C  00051C       9C0       0  CODE        2
                text5                          00051C  000045  000561       A38       0  CODE        2
                text7                          000561  000050  0005B1       AC2       0  CODE        2
                text11                         0005B1  000060  000611       B62       0  CODE        2
                text4                          000611  000072  000683       C22       0  CODE        2
                maintext                       000683  00009B  00071E       D06       0  CODE        2
                text3                          00071E  0000C6  0007E4       E3C       0  CODE        2
                cinit                          0007E4  00001C  000800       FC8       0  CODE        2
                stringtext1                    000800  000022  000822      1000       0  STRCODE     2


UNUSED ADDRESS RANGES

        Name                Unused          Largest block    Delta
        BANK0            00061-0006F               F           1
        BANK1            000D4-000EF              1C           1
        BANK10           00520-0056F              50           1
        BANK11           005A0-005EF              50           1
        BANK12           00620-0066F              50           1
        BANK13           006A0-006EF              50           1
        BANK14           00720-0076F              50           1
        BANK15           007A0-007EF              50           1
        BANK16           00820-0086F              50           1
        BANK17           008A0-008EF              50           1
        BANK18           00920-0096F              50           1
        BANK19           009A0-009EF              50           1
        BANK2            00140-0016F              30           1
        BANK20           00A20-00A6F              50           1
        BANK21           00AA0-00AEF              50           1
        BANK22           00B20-00B6F              50           1
        BANK23           00BA0-00BEF              50           1
        BANK24           00C20-00C6F              50           1
        BANK25           00CA0-00CEF              50           1
        BANK26           00D20-00D6F              50           1
        BANK27           00DA0-00DEF              50           1
        BANK28           00E20-00E6F              50           1
        BANK29           00EA0-00EEF              50           1
        BANK3            001A0-001EF              50           1
        BANK30           00F20-00F6F              50           1
        BANK31           00FA0-00FEF              50           1
        BANK32           01020-0106F              50           1
        BANK33           010A0-010EF              50           1
        BANK34           01120-0116F              50           1
        BANK35           011A0-011EF              50           1
        BANK36           01220-0126F              50           1
        BANK37           012A0-012EF              50           1
        BANK38           01320-0136F              50           1
        BANK39           013A0-013EF              50           1
        BANK4            00220-0026F              50           1
        BANK40           01420-0146F              50           1
        BANK41           014A0-014EF              50           1
        BANK42           01520-0156F              50           1
        BANK43           015A0-015EF              50           1
        BANK44           01620-0166F              50           1
        BANK45           016A0-016EF              50           1
        BANK46           01720-0176F              50           1
        BANK47           017A0-017EF              50           1
        BANK48           01820-0186F              50           1
        BANK49           018A0-018EF              50           1
        BANK5            002A0-002EF              50           1
        BANK50           01920-0196F              50           1
        BANK6            00320-0036F              50           1
        BANK7            003A0-003EF              50           1
        BANK8            00420-0046F              50           1
        BANK9            004A0-004EF              50           1
        BIGRAM           02000-02FEF             FF0           1
        CODE             00004-0034F             34C           2
                         00822-07FFF             800
        CONST            00004-0034F             100           2
                         00822-07FFF             100
        EEDATA           0F000-0F0FF             100           2
        ENTRY            00004-0034F             100           2
                         00822-07FFF             100
        IDLOC            08000-08003               4           2
        RAM              00061-0006F               F           1
                         000D4-000EF              1C
                         00140-0016F              30
                         001A0-001EF              50
                         00220-0026F              50
                         002A0-002EF              50
                         00320-0036F              50
                         003A0-003EF              50
                         00420-0046F              50
                         004A0-004EF              50
                         00520-0056F              50
                         005A0-005EF              50
                         00620-0066F              50
                         006A0-006EF              50
                         00720-0076F              50
                         007A0-007EF              50
                         00820-0086F              50
                         008A0-008EF              50
                         00920-0096F              50
                         009A0-009EF              50
                         00A20-00A6F              50
                         00AA0-00AEF              50
                         00B20-00B6F              50
                         00BA0-00BEF              50
                         00C20-00C6F              50
                         00CA0-00CEF              50
                         00D20-00D6F              50
                         00DA0-00DEF              50
                         00E20-00E6F              50
                         00EA0-00EEF              50
                         00F20-00F6F              50
                         00FA0-00FEF              50
                         01020-0106F              50
                         010A0-010EF              50
                         01120-0116F              50
                         011A0-011EF              50
                         01220-0126F              50
                         012A0-012EF              50
                         01320-0136F              50
                         013A0-013EF              50
                         01420-0146F              50
                         014A0-014EF              50
                         01520-0156F              50
                         015A0-015EF              50
                         01620-0166F              50
                         016A0-016EF              50
                         01720-0176F              50
                         017A0-017EF              50
                         01820-0186F              50
                         018A0-018EF              50
                         01920-0196F              50
        SFR0             00000-0001F              20           1
        SFR1             00080-0009F              20           1
        SFR10            00500-0051F              20           1
        SFR11            00580-0059F              20           1
        SFR12            00600-0061F              20           1
        SFR13            00680-0069F              20           1
        SFR14            00700-0071F              20           1
        SFR15            00780-0079F              20           1
        SFR16            00800-0081F              20           1
        SFR17            00880-0089F              20           1
        SFR18            00900-0091F              20           1
        SFR19            00980-0099F              20           1
        SFR2             00100-0011F              20           1
        SFR20            00A00-00A1F              20           1
        SFR21            00A80-00A9F              20           1
        SFR22            00B00-00B1F              20           1
        SFR23            00B80-00B9F              20           1
        SFR24            00C00-00C1F              20           1
        SFR25            00C80-00C9F              20           1
        SFR26            00D00-00D1F              20           1
        SFR27            00D80-00D9F              20           1
        SFR28            00E00-00E1F              20           1
        SFR29            00E80-00E9F              20           1
        SFR3             00180-0019F              20           1
        SFR30            00F00-00F1F              20           1
        SFR31            00F80-00F9F              20           1
        SFR32            01000-0101F              20           1
        SFR33            01080-0109F              20           1
        SFR34            01100-0111F              20           1
        SFR35            01180-0119F              20           1
        SFR36            01200-0121F              20           1
        SFR37            01280-0129F              20           1
        SFR38            01300-0131F              20           1
        SFR39            01380-0139F              20           1
        SFR4             00200-0021F              20           1
        SFR40            01400-0141F              20           1
        SFR41            01480-0149F              20           1
        SFR42            01500-0151F              20           1
        SFR43            01580-0159F              20           1
        SFR44            01600-0161F              20           1
        SFR45            01680-0169F              20           1
        SFR46            01700-0171F              20           1
        SFR47            01780-0179F              20           1
        SFR48            01800-0181F              20           1
        SFR49            01880-0189F              20           1
        SFR5             00280-0029F              20           1
        SFR50            01900-0191F              20           1
        SFR51            01980-019EF              70           1
        SFR52            01A00-01A6F              70           1
        SFR53            01A80-01AEF              70           1
        SFR54            01B00-01B6F              70           1
        SFR55            01B80-01BEF              70           1
        SFR56            01C00-01C6F              70           1
        SFR57            01C80-01CEF              70           1
        SFR58            01D00-01D6F              70           1
        SFR59            01D80-01DEF              70           1
        SFR6             00300-0031F              20           1
        SFR60            01E00-01E6F              70           1
        SFR61            01E80-01EEF              70           1
        SFR62            01F00-01F6F              70           1
        SFR63            01F80-01FEF              70           1
        SFR7             00380-0039F              20           1
        SFR8             00400-0041F              20           1
        SFR9             00480-0049F              20           1
        STRCODE          00004-0034F             34C           2
                         00822-07FFF            77DE
        STRING           00004-0034F             100           2
                         00822-07FFF             100

                                  Symbol Table

?_ADC_Read                  cstackCOMMON 00070
?___lwdiv                   cstackCOMMON 00076
?___lwmod                   cstackCOMMON 00070
?___wmul                    cstackCOMMON 00070
?_read_prec_or_width        cstackCOMMON 00076
?_sprintf                   cstackBANK0  00048
?_vfprintf                  cstackBANK0  00041
ADC_Read@channel            cstackCOMMON 00074
ADC_Read@result             cstackCOMMON 00072
LCD_Char@data               cstackCOMMON 00075
LCD_Cmd@command             cstackCOMMON 00075
LCD_Send@RS                 cstackCOMMON 00070
LCD_Send@data               cstackCOMMON 00072
LCD_String@text             cstackCOMMON 00077
_ADACQ                      (abs)        0009D
_ADCLK                      (abs)        00098
_ADCON0                     (abs)        00093
_ADCON0bits                 (abs)        00093
_ADC_Init                   text21       0038E
_ADC_Read                   text20       003A0
_ADPCH                      (abs)        0009E
_ADREF                      (abs)        0009A
_ADRESH                     (abs)        0008D
_ADRESL                     (abs)        0008C
_ANSELA                     (abs)        01F38
_LCD_Char                   text15       00367
_LCD_Clear                  text17       00372
_LCD_Cmd                    text18       0035D
_LCD_Init                   text16       0041B
_LCD_Send                   text19       0047D
_LCD_String                 text14       003B4
_PORTC                      (abs)        0000E
_PORTCbits                  (abs)        0000E
_TRISA                      (abs)        00011
_TRISC                      (abs)        00013
__H__absolute__             __absolute__ 00000
__Habs1                     abs1         00000
__Hbank0                    bank0        00000
__Hbank1                    bank1        00000
__Hbank10                   bank10       00000
__Hbank11                   bank11       00000
__Hbank12                   bank12       00000
__Hbank13                   bank13       00000
__Hbank14                   bank14       00000
__Hbank15                   bank15       00000
__Hbank16                   bank16       00000
__Hbank17                   bank17       00000
__Hbank18                   bank18       00000
__Hbank19                   bank19       00000
__Hbank2                    bank2        00000
__Hbank20                   bank20       00000
__Hbank21                   bank21       00000
__Hbank22                   bank22       00000
__Hbank23                   bank23       00000
__Hbank24                   bank24       00000
__Hbank25                   bank25       00000
__Hbank26                   bank26       00000
__Hbank27                   bank27       00000
__Hbank28                   bank28       00000
__Hbank29                   bank29       00000
__Hbank3                    bank3        00000
__Hbank30                   bank30       00000
__Hbank31                   bank31       00000
__Hbank32                   bank32       00000
__Hbank33                   bank33       00000
__Hbank34                   bank34       00000
__Hbank35                   bank35       00000
__Hbank36                   bank36       00000
__Hbank37                   bank37       00000
__Hbank38                   bank38       00000
__Hbank39                   bank39       00000
__Hbank4                    bank4        00000
__Hbank40                   bank40       00000
__Hbank41                   bank41       00000
__Hbank42                   bank42       00000
__Hbank43                   bank43       00000
__Hbank44                   bank44       00000
__Hbank45                   bank45       00000
__Hbank46                   bank46       00000
__Hbank47                   bank47       00000
__Hbank48                   bank48       00000
__Hbank49                   bank49       00000
__Hbank5                    bank5        00000
__Hbank50                   bank50       00000
__Hbank51                   bank51       00000
__Hbank52                   bank52       00000
__Hbank53                   bank53       00000
__Hbank54                   bank54       00000
__Hbank55                   bank55       00000
__Hbank56                   bank56       00000
__Hbank57                   bank57       00000
__Hbank58                   bank58       00000
__Hbank59                   bank59       00000
__Hbank6                    bank6        00000
__Hbank60                   bank60       00000
__Hbank61                   bank61       00000
__Hbank62                   bank62       00000
__Hbank63                   bank63       00000
__Hbank7                    bank7        00000
__Hbank8                    bank8        00000
__Hbank9                    bank9        00000
__Hbigram                   bigram       00000
__HbssBANK0                 bssBANK0     00000
__HbssBANK2                 bssBANK2     00000
__Hcinit                    cinit        00800
__Hclrtext                  clrtext      00000
__Hcode                     code         00000
__Hcommon                   common       00000
__Hconfig                   config       0800C
__HcstackBANK0              cstackBANK0  00000
__HcstackBANK1              cstackBANK1  00000
__HcstackCOMMON             cstackCOMMON 00000
__HdataBANK1                dataBANK1    00000
__Heeprom_data              eeprom_data  00000
__Hend_init                 end_init     00004
__Hfunctab                  functab      00000
__Hheap                     heap         00000
__HidataBANK1               idataBANK1   00000
__Hinit                     init         00002
__Hinittext                 inittext     00000
__Hintentry                 intentry     00002
__Hmaintext                 maintext     00000
__Hpowerup                  powerup      00000
__Hram                      ram          00000
__Hreset_vec                reset_vec    00002
__Hsfr0                     sfr0         00000
__Hsfr1                     sfr1         00000
__Hsfr10                    sfr10        00000
__Hsfr11                    sfr11        00000
__Hsfr12                    sfr12        00000
__Hsfr13                    sfr13        00000
__Hsfr14                    sfr14        00000
__Hsfr15                    sfr15        00000
__Hsfr16                    sfr16        00000
__Hsfr17                    sfr17        00000
__Hsfr18                    sfr18        00000
__Hsfr19                    sfr19        00000
__Hsfr2                     sfr2         00000
__Hsfr20                    sfr20        00000
__Hsfr21                    sfr21        00000
__Hsfr22                    sfr22        00000
__Hsfr23                    sfr23        00000
__Hsfr24                    sfr24        00000
__Hsfr25                    sfr25        00000
__Hsfr26                    sfr26        00000
__Hsfr27                    sfr27        00000
__Hsfr28                    sfr28        00000
__Hsfr29                    sfr29        00000
__Hsfr3                     sfr3         00000
__Hsfr30                    sfr30        00000
__Hsfr31                    sfr31        00000
__Hsfr32                    sfr32        00000
__Hsfr33                    sfr33        00000
__Hsfr34                    sfr34        00000
__Hsfr35                    sfr35        00000
__Hsfr36                    sfr36        00000
__Hsfr37                    sfr37        00000
__Hsfr38                    sfr38        00000
__Hsfr39                    sfr39        00000
__Hsfr4                     sfr4         00000
__Hsfr40                    sfr40        00000
__Hsfr41                    sfr41        00000
__Hsfr42                    sfr42        00000
__Hsfr43                    sfr43        00000
__Hsfr44                    sfr44        00000
__Hsfr45                    sfr45        00000
__Hsfr46                    sfr46        00000
__Hsfr47                    sfr47        00000
__Hsfr48                    sfr48        00000
__Hsfr49                    sfr49        00000
__Hsfr5                     sfr5         00000
__Hsfr50                    sfr50        00000
__Hsfr51                    sfr51        00000
__Hsfr52                    sfr52        00000
__Hsfr53                    sfr53        00000
__Hsfr54                    sfr54        00000
__Hsfr55                    sfr55        00000
__Hsfr56                    sfr56        00000
__Hsfr57                    sfr57        00000
__Hsfr58                    sfr58        00000
__Hsfr59                    sfr59        00000
__Hsfr6                     sfr6         00000
__Hsfr60                    sfr60        00000
__Hsfr61                    sfr61        00000
__Hsfr62                    sfr62        00000
__Hsfr63                    sfr63        00000
__Hsfr7                     sfr7         00000
__Hsfr8                     sfr8         00000
__Hsfr9                     sfr9         00000
__Hspace_0                  (abs)        00822
__Hspace_1                  (abs)        00140
__Hspace_2                  (abs)        00000
__Hspace_3                  (abs)        00000
__Hspace_4                  (abs)        10013
__Hstack                    stack        00000
__Hstrings                  strings      00000
__Hstringtext1              stringtext1  00000
__Hstringtext2              stringtext2  00000
__Hstringtext3              stringtext3  00000
__Htext                     text         00000
__L__absolute__             __absolute__ 00000
__Labs1                     abs1         00000
__Lbank0                    bank0        00000
__Lbank1                    bank1        00000
__Lbank10                   bank10       00000
__Lbank11                   bank11       00000
__Lbank12                   bank12       00000
__Lbank13                   bank13       00000
__Lbank14                   bank14       00000
__Lbank15                   bank15       00000
__Lbank16                   bank16       00000
__Lbank17                   bank17       00000
__Lbank18                   bank18       00000
__Lbank19                   bank19       00000
__Lbank2                    bank2        00000
__Lbank20                   bank20       00000
__Lbank21                   bank21       00000
__Lbank22                   bank22       00000
__Lbank23                   bank23       00000
__Lbank24                   bank24       00000
__Lbank25                   bank25       00000
__Lbank26                   bank26       00000
__Lbank27                   bank27       00000
__Lbank28                   bank28       00000
__Lbank29                   bank29       00000
__Lbank3                    bank3        00000
__Lbank30                   bank30       00000
__Lbank31                   bank31       00000
__Lbank32                   bank32       00000
__Lbank33                   bank33       00000
__Lbank34                   bank34       00000
__Lbank35                   bank35       00000
__Lbank36                   bank36       00000
__Lbank37                   bank37       00000
__Lbank38                   bank38       00000
__Lbank39                   bank39       00000
__Lbank4                    bank4        00000
__Lbank40                   bank40       00000
__Lbank41                   bank41       00000
__Lbank42                   bank42       00000
__Lbank43                   bank43       00000
__Lbank44                   bank44       00000
__Lbank45                   bank45       00000
__Lbank46                   bank46       00000
__Lbank47                   bank47       00000
__Lbank48                   bank48       00000
__Lbank49                   bank49       00000
__Lbank5                    bank5        00000
__Lbank50                   bank50       00000
__Lbank51                   bank51       00000
__Lbank52                   bank52       00000
__Lbank53                   bank53       00000
__Lbank54                   bank54       00000
__Lbank55                   bank55       00000
__Lbank56                   bank56       00000
__Lbank57                   bank57       00000
__Lbank58                   bank58       00000
__Lbank59                   bank59       00000
__Lbank6                    bank6        00000
__Lbank60                   bank60       00000
__Lbank61                   bank61       00000
__Lbank62                   bank62       00000
__Lbank63                   bank63       00000
__Lbank7                    bank7        00000
__Lbank8                    bank8        00000
__Lbank9                    bank9        00000
__Lbigram                   bigram       00000
__LbssBANK0                 bssBANK0     00000
__LbssBANK2                 bssBANK2     00000
__Lcinit                    cinit        007E4
__Lclrtext                  clrtext      00000
__Lcode                     code         00000
__Lcommon                   common       00000
__Lconfig                   config       00000
__LcstackBANK0              cstackBANK0  00000
__LcstackBANK1              cstackBANK1  00000
__LcstackCOMMON             cstackCOMMON 00000
__LdataBANK1                dataBANK1    00000
__Leeprom_data              eeprom_data  00000
__Lend_init                 end_init     00002
__Lfunctab                  functab      00000
__Lheap                     heap         00000
__LidataBANK1               idataBANK1   00000
__Linit                     init         00002
__Linittext                 inittext     00000
__Lintentry                 intentry     00002
__Lmaintext                 maintext     00000
__Lpowerup                  powerup      00000
__Lram                      ram          00000
__Lreset_vec                reset_vec    00000
__Lsfr0                     sfr0         00000
__Lsfr1                     sfr1         00000
__Lsfr10                    sfr10        00000
__Lsfr11                    sfr11        00000
__Lsfr12                    sfr12        00000
__Lsfr13                    sfr13        00000
__Lsfr14                    sfr14        00000
__Lsfr15                    sfr15        00000
__Lsfr16                    sfr16        00000
__Lsfr17                    sfr17        00000
__Lsfr18                    sfr18        00000
__Lsfr19                    sfr19        00000
__Lsfr2                     sfr2         00000
__Lsfr20                    sfr20        00000
__Lsfr21                    sfr21        00000
__Lsfr22                    sfr22        00000
__Lsfr23                    sfr23        00000
__Lsfr24                    sfr24        00000
__Lsfr25                    sfr25        00000
__Lsfr26                    sfr26        00000
__Lsfr27                    sfr27        00000
__Lsfr28                    sfr28        00000
__Lsfr29                    sfr29        00000
__Lsfr3                     sfr3         00000
__Lsfr30                    sfr30        00000
__Lsfr31                    sfr31        00000
__Lsfr32                    sfr32        00000
__Lsfr33                    sfr33        00000
__Lsfr34                    sfr34        00000
__Lsfr35                    sfr35        00000
__Lsfr36                    sfr36        00000
__Lsfr37                    sfr37        00000
__Lsfr38                    sfr38        00000
__Lsfr39                    sfr39        00000
__Lsfr4                     sfr4         00000
__Lsfr40                    sfr40        00000
__Lsfr41                    sfr41        00000
__Lsfr42                    sfr42        00000
__Lsfr43                    sfr43        00000
__Lsfr44                    sfr44        00000
__Lsfr45                    sfr45        00000
__Lsfr46                    sfr46        00000
__Lsfr47                    sfr47        00000
__Lsfr48                    sfr48        00000
__Lsfr49                    sfr49        00000
__Lsfr5                     sfr5         00000
__Lsfr50                    sfr50        00000
__Lsfr51                    sfr51        00000
__Lsfr52                    sfr52        00000
__Lsfr53                    sfr53        00000
__Lsfr54                    sfr54        00000
__Lsfr55                    sfr55        00000
__Lsfr56                    sfr56        00000
__Lsfr57                    sfr57        00000
__Lsfr58                    sfr58        00000
__Lsfr59                    sfr59        00000
__Lsfr6                     sfr6         00000
__Lsfr60                    sfr60        00000
__Lsfr61                    sfr61        00000
__Lsfr62                    sfr62        00000
__Lsfr63                    sfr63        00000
__Lsfr7                     sfr7         00000
__Lsfr8                     sfr8         00000
__Lsfr9                     sfr9         00000
__Lspace_0                  (abs)        00000
__Lspace_1                  (abs)        00000
__Lspace_2                  (abs)        00000
__Lspace_3                  (abs)        00000
__Lspace_4                  (abs)        00000
__Lstack                    stack        00000
__Lstrings                  strings      00000
__Lstringtext1              stringtext1  00000
__Lstringtext2              stringtext2  00000
__Lstringtext3              stringtext3  00000
__Ltext                     text         00000
__S0                        (abs)        00822
__S1                        (abs)        00140
__S3                        (abs)        00000
___heap_hi                  (abs)        00000
___heap_lo                  (abs)        00000
___int_sp                   stack        00000
___latbits                  (abs)        00004
___lwdiv                    text10       004E0
___lwdiv@counter            cstackCOMMON 0007D
___lwdiv@dividend           cstackCOMMON 00078
___lwdiv@divisor            cstackCOMMON 00076
___lwdiv@quotient           cstackCOMMON 0007B
___lwmod                    text9        004AC
___lwmod@counter            cstackCOMMON 00075
___lwmod@dividend           cstackCOMMON 00072
___lwmod@divisor            cstackCOMMON 00070
___sp                       stack        00000
___stackhi                  (abs)        00000
___stacklo                  (abs)        00000
___wmul                     text12       00439
___wmul@multiplicand        cstackCOMMON 00072
___wmul@multiplier          cstackCOMMON 00070
___wmul@product             cstackCOMMON 00074
__end_of_ADC_Init           text21       003A0
__end_of_ADC_Read           text20       003B4
__end_of_LCD_Char           text15       00372
__end_of_LCD_Clear          text17       0037E
__end_of_LCD_Cmd            text18       00367
__end_of_LCD_Init           text16       00439
__end_of_LCD_Send           text19       004AC
__end_of_LCD_String         text14       003CA
__end_of___lwdiv            text10       0051C
__end_of___lwmod            text9        004E0
__end_of___wmul             text12       00458
__end_of__initialization    cinit        007FD
__end_of_fputc              text7        005B1
__end_of_fputs              text6        0047D
__end_of_lcd_set_cursor     text13       003E2
__end_of_main               maintext     0071E
__end_of_pad                text5        00561
__end_of_putch              text8        00351
__end_of_read_prec_or_width text11       00611
__end_of_sprintf            text1        0041B
__end_of_utoa               text4        00683
__end_of_vfpfcnvrt          text3        007E4
__end_of_vfprintf           text2        003FE
__initialization            cinit        007E4
__pbssBANK0                 bssBANK0     0005C
__pbssBANK2                 bssBANK2     00120
__pcstackBANK0              cstackBANK0  00020
__pcstackBANK1              cstackBANK1  000A0
__pcstackCOMMON             cstackCOMMON 00070
__pdataBANK1                dataBANK1    000C4
__pidataBANK1               idataBANK1   0037E
__pmaintext                 maintext     00683
__pstringtext1              stringtext1  00800
__pstringtext2              stringtext2  00813
__pstringtext3              stringtext3  00000
__ptext1                    text1        003FE
__ptext10                   text10       004E0
__ptext11                   text11       005B1
__ptext12                   text12       00439
__ptext13                   text13       003CA
__ptext14                   text14       003B4
__ptext15                   text15       00367
__ptext16                   text16       0041B
__ptext17                   text17       00372
__ptext18                   text18       0035D
__ptext19                   text19       0047D
__ptext2                    text2        003E2
__ptext20                   text20       003A0
__ptext21                   text21       0038E
__ptext3                    text3        0071E
__ptext4                    text4        00611
__ptext5                    text5        0051C
__ptext6                    text6        00458
__ptext7                    text7        00561
__ptext8                    text8        00350
__ptext9                    text9        004AC
_dbuf                       bssBANK2     00120
_flags                      bssBANK0     00060
_fputc                      text7        00561
_fputs                      text6        00458
_lcd_set_cursor             text13       003CA
_main                       maintext     00683
_pad                        text5        0051C
_prec                       bssBANK0     0005E
_putch                      text8        00350
_read_prec_or_width         text11       005B1
_sprintf                    text1        003FE
_utoa                       text4        00611
_vfpfcnvrt                  text3        0071E
_vfprintf                   text2        003E2
_width                      bssBANK0     0005C
btemp                       (abs)        0007E
clear_ram0                  clrtext      00351
end_of_initialization       cinit        007FD
fputc@c                     cstackCOMMON 00070
fputc@fp                    cstackCOMMON 00072
fputs@c                     cstackBANK0  00020
fputs@fp                    cstackCOMMON 00078
fputs@i                     cstackBANK0  00021
fputs@s                     cstackBANK0  00023
init_ram                    inittext     00357
intlevel0                   functab      00000
intlevel1                   functab      00000
intlevel2                   functab      00000
intlevel3                   functab      00000
intlevel4                   functab      00000
intlevel5                   functab      00000
lcd_set_cursor@col          cstackCOMMON 00077
lcd_set_cursor@line         cstackCOMMON 00076
main@F12491                 dataBANK1    000C4
main@O2_level               cstackBANK1  000C0
main@PH_level               cstackBANK1  000C2
main@buffer                 cstackBANK1  000B0
main@name                   cstackBANK1  000A0
pad@buf                     cstackCOMMON 0007B
pad@fp                      cstackBANK0  00029
pad@i                       cstackBANK0  00025
pad@p                       cstackCOMMON 0007C
pad@w                       cstackBANK0  00027
read_prec_or_width@ap       cstackCOMMON 00076
read_prec_or_width@c        cstackBANK0  00020
read_prec_or_width@fmt      cstackBANK0  00023
read_prec_or_width@n        cstackBANK0  00021
reset_vec                   reset_vec    00000
sprintf@ap                  cstackBANK0  0004D
sprintf@f                   cstackBANK0  0004F
sprintf@fmt                 cstackBANK0  00048
sprintf@s                   cstackBANK0  0004E
start                       init         00002
start_initialization        cinit        007E4
utoa@d                      cstackBANK0  0002A
utoa@fp                     cstackBANK0  0002F
utoa@i                      cstackBANK0  00032
utoa@p                      cstackBANK0  00030
utoa@w                      cstackBANK0  0002D
vfpfcnvrt@ap                cstackBANK0  00035
vfpfcnvrt@convarg           cstackBANK0  0003A
vfpfcnvrt@cp                cstackBANK0  0003E
vfpfcnvrt@fmt               cstackBANK0  00034
vfpfcnvrt@fp                cstackBANK0  00040
vfprintf@ap                 cstackBANK0  00043
vfprintf@cfmt               cstackBANK0  00046
vfprintf@fmt                cstackBANK0  00041
vfprintf@fp                 cstackBANK0  00045
wtemp0                      (abs)        0007E


MODULE INFORMATION

Module		Function		Class		Link	Load	Size
C:\Program Files\Microchip\xc8\v2.41\pic\sources\c99\common\nf_fputc.c
		_fputc         		CODE           	0561	0000	80

C:\Program Files\Microchip\xc8\v2.41\pic\sources\c99\common\nf_fputc.c estimated size: 80

C:\Program Files\Microchip\xc8\v2.41\pic\sources\c99\common\nf_sprintf.c
		_sprintf       		CODE           	03FE	0000	29

C:\Program Files\Microchip\xc8\v2.41\pic\sources\c99\common\nf_sprintf.c estimated size: 29

C:\Program Files\Microchip\xc8\v2.41\pic\sources\c99\common\lwdiv.c
		___lwdiv       		CODE           	04E0	0000	60

C:\Program Files\Microchip\xc8\v2.41\pic\sources\c99\common\lwdiv.c estimated size: 60

lcdmain.c
		_LCD_String    		CODE           	03B4	0000	22
		_LCD_Init      		CODE           	041B	0000	30
		_LCD_Send      		CODE           	047D	0000	47
		_LCD_Cmd       		CODE           	035D	0000	10
		_main          		CODE           	0683	0000	155
		_LCD_Char      		CODE           	0367	0000	11
		_lcd_set_cursor		CODE           	03CA	0000	24
		_LCD_Clear     		CODE           	0372	0000	12
		_ADC_Read      		CODE           	03A0	0000	20
		_ADC_Init      		CODE           	038E	0000	18

lcdmain.c estimated size: 349

C:\Program Files\Microchip\xc8\v2.41\pic\sources\c99\common\doprnt.c
		_read_prec_or_width		CODE           	05B1	0000	96
		_vfpfcnvrt     		CODE           	071E	0000	198
		_pad           		CODE           	051C	0000	69
		_vfprintf      		CODE           	03E2	0000	28
		_utoa          		CODE           	0611	0000	114

C:\Program Files\Microchip\xc8\v2.41\pic\sources\c99\common\doprnt.c estimated size: 505

shared
		__initialization		CODE           	07E4	0000	25

shared estimated size: 25

C:\Program Files\Microchip\xc8\v2.41\pic\sources\c99\common\Umul16.c
		___wmul        		CODE           	0439	0000	31

C:\Program Files\Microchip\xc8\v2.41\pic\sources\c99\common\Umul16.c estimated size: 31

C:\Program Files\Microchip\xc8\v2.41\pic\sources\c99\common\putch.c
		_putch         		CODE           	0350	0000	1

C:\Program Files\Microchip\xc8\v2.41\pic\sources\c99\common\putch.c estimated size: 1

C:\Program Files\Microchip\xc8\v2.41\pic\sources\c99\common\nf_fputs.c
		_fputs         		CODE           	0458	0000	37

C:\Program Files\Microchip\xc8\v2.41\pic\sources\c99\common\nf_fputs.c estimated size: 37

C:\Program Files\Microchip\xc8\v2.41\pic\sources\c99\common\lwmod.c
		___lwmod       		CODE           	04AC	0000	52

C:\Program Files\Microchip\xc8\v2.41\pic\sources\c99\common\lwmod.c estimated size: 52

